// Jest Snapshot v1, https://goo.gl/fbAQLP

exports[`<App /> Testing should render the App component 1`] = `
<RCTSafeAreaView
  style={
    [
      {
        "backgroundColor": "#fff",
      },
      {
        "height": "100%",
      },
    ]
  }
>
  <View
    style={
      [
        {
          "paddingBottom": 8,
          "paddingLeft": 8,
          "paddingRight": 8,
          "paddingTop": 8,
        },
      ]
    }
    testID="HEADER"
  >
    <Text
      style={
        [
          {
            "fontSize": 18,
            "lineHeight": 28,
          },
        ]
      }
      testID="HEADER_GREETINGS"
    >
      Hello, Miguel
    </Text>
    <Text
      style={
        [
          {
            "fontWeight": "700",
          },
          {
            "fontSize": 30,
            "lineHeight": 36,
          },
        ]
      }
      testID="HEADER_TITLE"
    >
      Activities
    </Text>
  </View>
  <RCTScrollView>
    <View>
      <View
        style={
          [
            {
              "backgroundColor": "#60a5fa",
            },
            {
              "marginBottom": 8,
              "marginLeft": 8,
              "marginRight": 8,
              "marginTop": 8,
            },
            {
              "paddingBottom": 16,
              "paddingLeft": 16,
              "paddingRight": 16,
              "paddingTop": 16,
            },
            {
              "borderBottomLeftRadius": 8,
              "borderBottomRightRadius": 8,
              "borderTopLeftRadius": 8,
              "borderTopRightRadius": 8,
            },
          ]
        }
        testID="REQUEST_PERMISSION_SECTION"
      >
        <Text
          style={
            [
              {
                "fontSize": 18,
                "lineHeight": 28,
              },
            ]
          }
        >
          To start tracking your Health info, you should grant permissions
        </Text>
        <View
          accessibilityState={
            {
              "busy": undefined,
              "checked": undefined,
              "disabled": undefined,
              "expanded": undefined,
              "selected": undefined,
            }
          }
          accessibilityValue={
            {
              "max": undefined,
              "min": undefined,
              "now": undefined,
              "text": undefined,
            }
          }
          accessible={true}
          collapsable={false}
          focusable={true}
          onClick={[Function]}
          onResponderGrant={[Function]}
          onResponderMove={[Function]}
          onResponderRelease={[Function]}
          onResponderTerminate={[Function]}
          onResponderTerminationRequest={[Function]}
          onStartShouldSetResponder={[Function]}
          style={
            {
              "alignItems": "center",
              "backgroundColor": "#1d4ed8",
              "borderBottomLeftRadius": 8,
              "borderBottomRightRadius": 8,
              "borderTopLeftRadius": 8,
              "borderTopRightRadius": 8,
              "marginTop": 16,
              "opacity": 1,
              "paddingBottom": 8,
              "paddingLeft": 8,
              "paddingRight": 8,
              "paddingTop": 8,
            }
          }
          testID="REQUEST_PERMISSION_BUTTON"
        >
          <Text
            style={
              [
                {
                  "color": "#fff",
                },
                {
                  "fontSize": 18,
                  "lineHeight": 28,
                },
              ]
            }
          >
            Grant Permissions
          </Text>
        </View>
      </View>
    </View>
  </RCTScrollView>
</RCTSafeAreaView>
`;
